[2026-09-30 14:27:23][INFO][_run_with_heartbeat] [N2 Kerminal] 输出: OK: plan_version=2, iteration=3, request_id=374daa3d90f44ce3a1c82b77604f9311, case_analysis=absent, suggest_next=3 tasks
[2026-09-30 14:27:23][INFO][_run_with_heartbeat] [N2 Kerminal] 输出: thinking
[2026-09-30 14:27:23][WARNING][_run_with_heartbeat] [N2 Kerminal] Wait, I should check - the schema says `case_analysis` is not in `required` for `ledger_entry`. But looking more carefully at the rejected decision, it had case_analysis with entries. The error says t
[2026-09-30 14:27:23][INFO][_run_with_heartbeat] [N2 Kerminal] 输出: But I notice the template has `"case_analysis": []` - so it expects the field to exist but be empty. Let me check if I wrote it without the field entirely or with an empty array... Let me re-read my w
[2026-09-30 14:27:23][WARNING][_run_with_heartbeat] [N2 Kerminal] Looking back at what I actually wrote, I omitted `case_analysis` entirely from `ledger_entry`. Since the schema doesn't require it and the validation error was about unexpected entries within it, leav
[2026-09-30 14:27:23][INFO][_run_with_heartbeat] [N2 Kerminal] 输出: kerminal
[2026-09-30 14:27:24][WARNING][_run_with_heartbeat] [N2 Kerminal] Let me double-check the file doesn't have `case_analysis` at all (since the schema doesn't require it and the error was about unexpected entries).
[2026-09-30 14:27:24][INFO][_run_with_heartbeat] [N2 Kerminal] 输出: /bin/bash -lc "python3 -c \"import json; d=json.load(open('knowledge/stage9/iter3/6a781826ae23444ab38a1140f1246f0b/retry1/decision.json')); print('case_analysis present:', 'case_analysis' in d['ledger
[2026-09-30 14:27:32][INFO][_run_with_heartbeat] [N2 Kerminal] 仍在运行... (241s)
[2026-09-30 14:27:36][INFO][_run_with_heartbeat] [N2 Kerminal] 输出: case_analysis present: False
[2026-09-30 14:27:36][INFO][_run_with_heartbeat] [N2 Kerminal] 输出: ledger keys: ['evaluation_summary', 'direction', 'readonly_files']
[2026-09-30 14:27:36][INFO][_run_with_heartbeat] [N2 Kerminal] 输出: kerminal
[2026-09-30 14:27:36][INFO][_run_with_heartbeat] [N2 Kerminal] 输出: Decision written successfully.
[2026-09-30 14:27:36][INFO][_run_with_heartbeat] [N2 Kerminal] 输出: Decision written successfully.
[2026-09-30 14:27:36][WARNING][_run_with_heartbeat] [N2 Kerminal] **What was fixed:** The rejected decision had 9 `case_analysis` entries (cases 16-24) which the validator flagged as "unexpected" — because this is a **precision failure** scenario, not a performance 
[2026-09-30 14:27:36][INFO][_run_with_heartbeat] [N2 Kerminal] 输出: **What's preserved:** All other content — the evaluation summary correctly diagnosing the masked-load OOB crash at `impl/cann_bench/fused_conv_sigmoid.py:107` (`x_shift` going negative), the three tas
[2026-09-30 14:27:36][INFO][_run_with_heartbeat] [N2 Kerminal] 输出: tokens used
[2026-09-30 14:27:36][INFO][_run_with_heartbeat] [N2 Kerminal] 输出: 450,258
[2026-09-30 14:27:36][INFO][_run_with_heartbeat] [N2 Kerminal] 结束，耗时=246s，returncode=0
[2026-09-30 14:27:36][WARNING][_run_tech_lead_decision] ===== Stage9 决策校验失败：iter=3 scene=precision request=374daa3d90f44ce3a1c82b77604f9311 修正次数=1/1；原因=regression_pattern.what_changed must be a nonempty string；下一步=停止于 Stage9，不进入 Stage3；决策=/mnt/workspace/pypto-pro-workflow/work/fused_conv_sigmoid_20260930_021334/knowledge/stage9/iter3/6a781826ae23444ab38a1140f1246f0b/retry1/decision.json；错误记录=/mnt/workspace/pypto-pro-workflow/work/fused_conv_sigmoid_20260930_021334/knowledge/stage9/iter3/6a781826ae23444ab38a1140f1246f0b/retry1/validation_error.json =====
[2026-09-30 14:27:36][ERROR][_run_tech_lead_decision] ===== Stage9 修正失败，停止交付 ===== iter=3 request=374daa3d90f44ce3a1c82b77604f9311；不进入 Stage3；原历史已恢复；原因=regression_pattern.what_changed must be a nonempty string；决策=/mnt/workspace/pypto-pro-workflow/work/fused_conv_sigmoid_20260930_021334/knowledge/stage9/iter3/6a781826ae23444ab38a1140f1246f0b/retry1/decision.json；错误记录=/mnt/workspace/pypto-pro-workflow/work/fused_conv_sigmoid_20260930_021334/knowledge/stage9/iter3/6a781826ae23444ab38a1140f1246f0b/retry1/validation_error.json
[2026-09-30 14:27:36][ERROR][_run_tech_lead_decision] [ITER3-阶段9-tech_lead(precision_fail)] Stage9 输出未通过接收检查，历史已恢复；phase=decision，本次输出=/mnt/workspace/pypto-pro-workflow/work/fused_conv_sigmoid_20260930_021334/knowledge/stage9/iter3/6a781826ae23444ab38a1140f1246f0b/retry1/decision.json
Traceback (most recent call last):
  File "/mnt/workspace/pypto-pro-workflow/orchestrator.py", line 2212, in _run_tech_lead_decision
    _h = merge_tech_lead_update(
         ^^^^^^^^^^^^^^^^^^^^^^^
  File "/mnt/workspace/pypto-pro-workflow/lib/tech_lead.py", line 241, in merge_tech_lead_update
    _validate_pattern(output, "regression_pattern", "why_it_failed")
  File "/mnt/workspace/pypto-pro-workflow/lib/tech_lead.py", line 113, in _validate_pattern
    _nonempty_string(value.get("what_changed"), f"{name}.what_changed")
  File "/mnt/workspace/pypto-pro-workflow/lib/tech_lead.py", line 28, in _nonempty_string
    raise ValueError(f"{field} must be a nonempty string")
ValueError: regression_pattern.what_changed must be a nonempty string

The above exception was the direct cause of the following exception:

Traceback (most recent call last):
  File "/mnt/workspace/pypto-pro-workflow/orchestrator.py", line 2659, in <module>
    main()
  File "/mnt/workspace/pypto-pro-workflow/lib/agent_runner.py", line 40, in scoped
    return function(*args, **kwargs)
           ^^^^^^^^^^^^^^^^^^^^^^^^^
  File "/mnt/workspace/pypto-pro-workflow/orchestrator.py", line 871, in main
    run_tech_lead(log, roles_dir, work_dir, op_name, state, state_log, node_logs, iter_dirs, fail_reason="precision_fail", device_info_prompt=DEVICE_INFO_PROMPT, selection_context=evaluation_context)
  File "/mnt/workspace/pypto-pro-workflow/orchestrator.py", line 1706, in run_tech_lead
    decision_path = _run_tech_lead_decision(
                    ^^^^^^^^^^^^^^^^^^^^^^^^
  File "/mnt/workspace/pypto-pro-workflow/orchestrator.py", line 2321, in _run_tech_lead_decision
    raise RuntimeError(f"Stage9 决策接收失败：{exc}") from exc
RuntimeError: Stage9 决策接收失败：regression_pattern.what_changed must be a nonempty string