[2026-09-30 15:30:24][INFO][_run_with_heartbeat] [N2 Kerminal] 输出: ✓ Read schema, template, case catalog
[2026-09-30 15:30:24][INFO][_run_with_heartbeat] [N2 Kerminal] 输出: ✓ Write corrected decision.json (part 1)
[2026-09-30 15:30:24][INFO][_run_with_heartbeat] [N2 Kerminal] 输出: ✓ Write corrected decision.json (part 2)
[2026-09-30 15:30:24][INFO][_run_with_heartbeat] [N2 Kerminal] 输出: ✓ Validate JSON syntax and fix correctness
[2026-09-30 15:30:24][INFO][_run_with_heartbeat] [N2 Kerminal] 输出: kerminal
[2026-09-30 15:30:24][INFO][_run_with_heartbeat] [N2 Kerminal] 输出: Corrected decision written to `knowledge/stage9/iter3/d1229d43bc3d4878b5ebfc9d97ac605b/retry1/decision.json`.
[2026-09-30 15:30:24][INFO][_run_with_heartbeat] [N2 Kerminal] 输出: Corrected decision written to `knowledge/stage9/iter3/d1229d43bc3d4878b5ebfc9d97ac605b/retry1/decision.json`.
[2026-09-30 15:30:24][INFO][_run_with_heartbeat] [N2 Kerminal] 输出: **Fix applied:**
[2026-09-30 15:30:24][INFO][_run_with_heartbeat] [N2 Kerminal] 输出: - T3's `changes` now includes an `inspect` operation on `impl/cann_bench/fused_rmsnorm_pos_qkv_qknorm.py` (the bound implementation file for case19), in addition to the existing `eval/iter3/prof_data`
[2026-09-30 15:30:24][INFO][_run_with_heartbeat] [N2 Kerminal] 输出: **Other updates:**
[2026-09-30 15:30:24][INFO][_run_with_heartbeat] [N2 Kerminal] 输出: - `request_id` updated to `792fea520fc54653bed4ac7581a3ecb1`
[2026-09-30 15:30:24][INFO][_run_with_heartbeat] [N2 Kerminal] 输出: - All other content (ledger_entry, proven_pattern, insights, etc.) preserved from the original decision with the same analysis and evidence
[2026-09-30 15:30:24][INFO][_run_with_heartbeat] [N2 Kerminal] 输出: tokens used
[2026-09-30 15:30:24][INFO][_run_with_heartbeat] [N2 Kerminal] 输出: 694,801
[2026-09-30 15:30:24][INFO][_run_with_heartbeat] [N2 Kerminal] 结束，耗时=297s，returncode=0
[2026-09-30 15:30:24][WARNING][_run_tech_lead_decision] ===== Stage9 决策校验失败：iter=3 scene=all_passed request=792fea520fc54653bed4ac7581a3ecb1 修正次数=1/1；原因=Stage9 必须列出具体文件，不能用目录代替：eval/iter3/prof_data；下一步=停止于 Stage9，不进入 Stage3；决策=/mnt/workspace/pypto-pro-workflow/work/fused_rmsnorm_pos_qkv_qknorm_20260929_185041/knowledge/stage9/iter3/d1229d43bc3d4878b5ebfc9d97ac605b/retry1/decision.json；错误记录=/mnt/workspace/pypto-pro-workflow/work/fused_rmsnorm_pos_qkv_qknorm_20260929_185041/knowledge/stage9/iter3/d1229d43bc3d4878b5ebfc9d97ac605b/retry1/validation_error.json =====
[2026-09-30 15:30:24][ERROR][_run_tech_lead_decision] ===== Stage9 修正失败，停止交付 ===== iter=3 request=792fea520fc54653bed4ac7581a3ecb1；不进入 Stage3；原历史已恢复；原因=Stage9 必须列出具体文件，不能用目录代替：eval/iter3/prof_data；决策=/mnt/workspace/pypto-pro-workflow/work/fused_rmsnorm_pos_qkv_qknorm_20260929_185041/knowledge/stage9/iter3/d1229d43bc3d4878b5ebfc9d97ac605b/retry1/decision.json；错误记录=/mnt/workspace/pypto-pro-workflow/work/fused_rmsnorm_pos_qkv_qknorm_20260929_185041/knowledge/stage9/iter3/d1229d43bc3d4878b5ebfc9d97ac605b/retry1/validation_error.json
[2026-09-30 15:30:24][ERROR][_run_tech_lead_decision] [ITER3-阶段9-tech_lead(perf_pass_semantic_review
所有 case 的 speedup 已达标。保留 P0/P1/P2，结合实测瓶颈审查下一步；不得仅因多 kernel 或中间经过 HBM 强制更换融合方案。退出由程序的有效性能窗口判断，exit_decision 不控制路由。本轮尚未满足语义退出条件，继续提出有证据的优化建议。)] Stage9 输出未通过接收检查，历史已恢复；phase=decision，本次输出=/mnt/workspace/pypto-pro-workflow/work/fused_rmsnorm_pos_qkv_qknorm_20260929_185041/knowledge/stage9/iter3/d1229d43bc3d4878b5ebfc9d97ac605b/retry1/decision.json
Traceback (most recent call last):
  File "/mnt/workspace/pypto-pro-workflow/orchestrator.py", line 2220, in _run_tech_lead_decision
    _validate_stage9_file_targets(work_dir, {
  File "/mnt/workspace/pypto-pro-workflow/orchestrator.py", line 1879, in _validate_stage9_file_targets
    resolved(suggestion["inspect_files"])
  File "/mnt/workspace/pypto-pro-workflow/orchestrator.py", line 1855, in resolved
    raise ValueError(f"Stage9 必须列出具体文件，不能用目录代替：{path}")
ValueError: Stage9 必须列出具体文件，不能用目录代替：eval/iter3/prof_data

The above exception was the direct cause of the following exception:

Traceback (most recent call last):
  File "/mnt/workspace/pypto-pro-workflow/orchestrator.py", line 2659, in <module>
    main()
  File "/mnt/workspace/pypto-pro-workflow/lib/agent_runner.py", line 40, in scoped
    return function(*args, **kwargs)
           ^^^^^^^^^^^^^^^^^^^^^^^^^
  File "/mnt/workspace/pypto-pro-workflow/orchestrator.py", line 1106, in main
    run_tech_lead(log, roles_dir, work_dir, op_name, state, state_log, node_logs, iter_dirs,
  File "/mnt/workspace/pypto-pro-workflow/orchestrator.py", line 1706, in run_tech_lead
    decision_path = _run_tech_lead_decision(
                    ^^^^^^^^^^^^^^^^^^^^^^^^
  File "/mnt/workspace/pypto-pro-workflow/orchestrator.py", line 2321, in _run_tech_lead_decision
    raise RuntimeError(f"Stage9 决策接收失败：{exc}") from exc
RuntimeError: Stage9 决策接收失败：Stage9 必须列出具体文件，不能用目录代替：eval/iter3/prof_data